WARNING: All log messages before absl::InitializeLog() is called are written to STDERR
I0000 00:00:1759962250.851807 15528605 gl_context.cc:357] GL version: 2.1 (2.1 Metal - 88.1), renderer: Apple M1
INFO:services.baseline_analyzer:🎯 Analyzing Stephen Curry's shooting form...
INFO: Created TensorFlow Lite XNNPACK delegate for CPU.
INFO:services.baseline_analyzer:Video: 444 frames at 59.33 fps
W0000 00:00:1759962250.996652 15528680 inference_feedback_manager.cc:114] Feedback manager requires a model with a single signature inference. Disabling support for feedback tensors.
W0000 00:00:1759962251.065162 15528686 inference_feedback_manager.cc:114] Feedback manager requires a model with a single signature inference. Disabling support for feedback tensors.
/Users/joshuamaddox/Codebase/BasketballAIApp/backend/venv/lib/python3.11/site-packages/google/protobuf/symbol_database.py:55: UserWarning: SymbolDatabase.GetPrototype() is deprecated. Please use message_factory.GetMessageClass() instead. SymbolDatabase.GetPrototype() will be removed soon.
  warnings.warn('SymbolDatabase.GetPrototype() is deprecated. Please '
INFO:services.baseline_analyzer:Processed 30/444 frames...
INFO:services.baseline_analyzer:Processed 60/444 frames...
INFO:services.baseline_analyzer:Processed 90/444 frames...
INFO:services.baseline_analyzer:Processed 120/444 frames...
INFO:services.baseline_analyzer:Processed 150/444 frames...
INFO:services.baseline_analyzer:Processed 180/444 frames...
INFO:services.baseline_analyzer:Processed 210/444 frames...
INFO:services.baseline_analyzer:Processed 240/444 frames...
INFO:services.baseline_analyzer:Processed 270/444 frames...
INFO:services.baseline_analyzer:Processed 300/444 frames...
INFO:services.baseline_analyzer:Processed 330/444 frames...
INFO:services.baseline_analyzer:Processed 360/444 frames...
INFO:services.baseline_analyzer:Processed 390/444 frames...
INFO:services.baseline_analyzer:Processed 420/444 frames...
INFO:services.baseline_analyzer:✅ Extracted pose data from 441 frames
INFO:services.baseline_analyzer:Creating baseline metrics for Stephen Curry...
Traceback (most recent call last):
  File "/Users/joshuamaddox/Codebase/BasketballAIApp/backend/process_curry_baseline.py", line 42, in main
    baseline_data = analyzer.analyze_pro_video(
                    ^^^^^^^^^^^^^^^^^^^^^^^^^^^
  File "/Users/joshuamaddox/Codebase/BasketballAIApp/backend/services/baseline_analyzer.py", line 117, in analyze_pro_video
    json.dump(save_data, f, indent=2)
  File "/opt/homebrew/Cellar/python@3.11/3.11.13_1/Frameworks/Python.framework/Versions/3.11/lib/python3.11/json/__init__.py", line 179, in dump
    for chunk in iterable:
  File "/opt/homebrew/Cellar/python@3.11/3.11.13_1/Frameworks/Python.framework/Versions/3.11/lib/python3.11/json/encoder.py", line 432, in _iterencode
    yield from _iterencode_dict(o, _current_indent_level)
  File "/opt/homebrew/Cellar/python@3.11/3.11.13_1/Frameworks/Python.framework/Versions/3.11/lib/python3.11/json/encoder.py", line 406, in _iterencode_dict
    yield from chunks
  File "/opt/homebrew/Cellar/python@3.11/3.11.13_1/Frameworks/Python.framework/Versions/3.11/lib/python3.11/json/encoder.py", line 406, in _iterencode_dict
    yield from chunks
  File "/opt/homebrew/Cellar/python@3.11/3.11.13_1/Frameworks/Python.framework/Versions/3.11/lib/python3.11/json/encoder.py", line 406, in _iterencode_dict
    yield from chunks
  File "/opt/homebrew/Cellar/python@3.11/3.11.13_1/Frameworks/Python.framework/Versions/3.11/lib/python3.11/json/encoder.py", line 439, in _iterencode
    o = _default(o)
        ^^^^^^^^^^^
  File "/opt/homebrew/Cellar/python@3.11/3.11.13_1/Frameworks/Python.framework/Versions/3.11/lib/python3.11/json/encoder.py", line 180, in default
    raise TypeError(f'Object of type {o.__class__.__name__} '
TypeError: Object of type int64 is not JSON serializable
============================================================
Stephen Curry Baseline Video Processor
============================================================

📹 Video found: /Users/joshuamaddox/Codebase/BasketballAIApp/backend/baselines/StephCurryShot.mp4
📁 Baseline will be saved to: /Users/joshuamaddox/Codebase/BasketballAIApp/backend/baselines

🔄 Processing video... This may take a moment...
   - Extracting pose landmarks
   - Detecting shooting phases
   - Calculating metrics

❌ Error processing video: Object of type int64 is not JSON serializable
